
[1m[30m[46m RUN [49m[39m[22m [36mv4.1.7 [39m[90mG:/financial-tracker/frontend[39m

node.exe : [90mstderr[2m | src/pages/JoinHousehold.test.tsx[2m > 
[22m[2mJoinHousehold[2m > [22m[2mshows loading skeleton while fetching
At line:1 char:1
+ & "C:\Program Files\nodejs/node.exe" "C:\Program Files\nodejs/node_mo ...
+ ~~~~~~~~~~~~~~~~~~~~~~~~~~~~~~~~~~~~~~~~~~~~~~~~~~~~~~~~~~~~~~~~~~~~~
    + CategoryInfo          : NotSpecified: ([90mstderr[2m... while fetching 
   :String) [], RemoteException
    + FullyQualifiedErrorId : NativeCommandError
 
[22m[39mΓÜá∩╕Å React Router Future Flag Warning: React Router will begin 
wrapping state updates in `React.startTransition` in v7. You can use the 
`v7_startTransition` future flag to opt-in early. For more information, see 
https://reactrouter.com/v6/upgrading/future#v7_starttransition.
ΓÜá∩╕Å React Router Future Flag Warning: Relative route resolution within 
Splat routes is changing in v7. You can use the `v7_relativeSplatPath` future 
flag to opt-in early. For more information, see 
https://reactrouter.com/v6/upgrading/future#v7_relativesplatpath.

 [31mΓ¥»[39m src/pages/JoinHousehold.test.tsx [2m([22m[2m6 tests[22m[2m | [22m[31m2 failed[39m[2m)[22m[33m 2128[2mms[22m[39m
     [32mΓ£ô[39m shows loading skeleton while fetching[32m 20[2mms[22m[39m
[31m     [31m├ù[31m shows error banner for 404[39m[33m 1011[2mms[22m[39m
[31m     [31m├ù[31m shows error banner for 410[39m[33m 1005[2mms[22m[39m
     [32mΓ£ô[39m shows invitation card with household name[32m 30[2mms[22m[39m
     [32mΓ£ô[39m shows "Sign In to Join" button when unauthenticated[32m 30[2mms[22m[39m
     [32mΓ£ô[39m shows "Join Household" button when authenticated[32m 31[2mms[22m[39m

[31mΓÄ»ΓÄ»ΓÄ»ΓÄ»ΓÄ»ΓÄ»ΓÄ»[39m[1m[41m Failed Tests 2 
[49m[22m[31mΓÄ»ΓÄ»ΓÄ»ΓÄ»ΓÄ»ΓÄ»ΓÄ»[39m

[41m[1m FAIL [22m[49m src/pages/JoinHousehold.test.tsx[2m > 
[22mJoinHousehold[2m > [22mshows error banner for 404
[31m[1mTestingLibraryElementError[22m: Found multiple elements with the 
text: /invitation/i

Here are the matching elements:

Ignored nodes: comments, script, style
[36m<h1[31m
  [33mclass[31m=[32m"text-2xl font-semibold text-text-primary text-center 
mb-6"[31m
[36m>[31m
  [0mInvitation Not Found[0m
[36m</h1>[31m

Ignored nodes: comments, script, style
[36m<p[31m
  [33mclass[31m=[32m"text-text-secondary text-center mb-6"[31m
[36m>[31m
  [0mThis invitation link is invalid or has been cancelled.[0m
[36m</p>[31m

(If this is intentional, then use the `*AllBy*` variant of the query (like 
`queryAllByText`, `getAllByText`, or `findAllByText`)).

Ignored nodes: comments, script, style
[36m<body>[31m
  [36m<div>[31m
    [36m<div[31m
      [33mclass[31m=[32m"flex items-center justify-center min-h-screen 
bg-bg"[31m
    [36m>[31m
      [36m<div[31m
        [33mclass[31m=[32m"w-full max-w-md mx-4"[31m
      [36m>[31m
        [36m<h1[31m
          [33mclass[31m=[32m"text-2xl font-semibold text-text-primary 
text-center mb-6"[31m
        [36m>[31m
          [0mInvitation Not Found[0m
        [36m</h1>[31m
        [36m<div[31m
          [33mclass[31m=[32m"bg-surface-raised border border-border 
rounded-lg p-6"[31m
        [36m>[31m
          [36m<p[31m
            [33mclass[31m=[32m"text-text-secondary text-center mb-6"[31m
          [36m>[31m
            [0mThis invitation link is invalid or has been cancelled.[0m
          [36m</p>[31m
        [36m</div>[31m
      [36m</div>[31m
    [36m</div>[31m
  [36m</div>[31m
[36m</body>[31m

Ignored nodes: comments, script, style
[36m<html>[31m
  [36m<head />[31m
  [36m<body>[31m
    [36m<div>[31m
      [36m<div[31m
        [33mclass[31m=[32m"flex items-center justify-center min-h-screen 
bg-bg"[31m
      [36m>[31m
        [36m<div[31m
          [33mclass[31m=[32m"w-full max-w-md mx-4"[31m
        [36m>[31m
          [36m<h1[31m
            [33mclass[31m=[32m"text-2xl font-semibold text-text-primary 
text-center mb-6"[31m
          [36m>[31m
            [0mInvitation Not Found[0m
          [36m</h1>[31m
          [36m<div[31m
            [33mclass[31m=[32m"bg-surface-raised border border-border 
rounded-lg p-6"[31m
          [36m>[31m
            [36m<p[31m
              [33mclass[31m=[32m"text-text-secondary text-center mb-6"[31m
            [36m>[31m
              [0mThis invitation link is invalid or has been cancelled.[0m
            [36m</p>[31m
          [36m</div>[31m
        [36m</div>[31m
      [36m</div>[31m
    [36m</div>[31m
  [36m</body>[31m
[36m</html>[31m[39m
[90m [2mΓ¥»[22m Proxy.waitForWrapper 
node_modules/@testing-library/dom/dist/wait-for.js:[2m163:27[22m[39m
[36m [2mΓ¥»[22m src/pages/JoinHousehold.test.tsx:[2m87:11[22m[39m
    [90m 85|[39m     )[33m;[39m
    [90m 86|[39m
    [90m 87|[39m     [35mawait[39m [34mwaitFor[39m(() [33m=>[39m {
    [90m   |[39m           [31m^[39m
    [90m 88|[39m       [34mexpect[39m(screen[33m.[39m[34mgetByText[39m(
[36m/invitation/i[39m))[33m.[39m[34mtoBeTruthy[39m()[33m;[39m
    [90m 89|[39m     })[33m;[39m

[31m[2mΓÄ»ΓÄ»ΓÄ»ΓÄ»ΓÄ»ΓÄ»ΓÄ»ΓÄ»ΓÄ»ΓÄ»ΓÄ»ΓÄ»ΓÄ»ΓÄ»ΓÄ»ΓÄ»ΓÄ»ΓÄ»ΓÄ»ΓÄ»ΓÄ»ΓÄ»ΓÄ»Γ
Ä»[1/2]ΓÄ»[22m[39m

[41m[1m FAIL [22m[49m src/pages/JoinHousehold.test.tsx[2m > 
[22mJoinHousehold[2m > [22mshows error banner for 410
[31m[1mTestingLibraryElementError[22m: Found multiple elements with the 
text: /expired|no longer valid/i

Here are the matching elements:

Ignored nodes: comments, script, style
[36m<h1[31m
  [33mclass[31m=[32m"text-2xl font-semibold text-text-primary text-center 
mb-6"[31m
[36m>[31m
  [0mInvitation Expired[0m
[36m</h1>[31m

Ignored nodes: comments, script, style
[36m<p[31m
  [33mclass[31m=[32m"text-text-secondary text-center mb-6"[31m
[36m>[31m
  [0mThis invitation has expired or is no longer valid.[0m
[36m</p>[31m

(If this is intentional, then use the `*AllBy*` variant of the query (like 
`queryAllByText`, `getAllByText`, or `findAllByText`)).

Ignored nodes: comments, script, style
[36m<body>[31m
  [36m<div>[31m
    [36m<div[31m
      [33mclass[31m=[32m"flex items-center justify-center min-h-screen 
bg-bg"[31m
    [36m>[31m
      [36m<div[31m
        [33mclass[31m=[32m"w-full max-w-md mx-4"[31m
      [36m>[31m
        [36m<h1[31m
          [33mclass[31m=[32m"text-2xl font-semibold text-text-primary 
text-center mb-6"[31m
        [36m>[31m
          [0mInvitation Expired[0m
        [36m</h1>[31m
        [36m<div[31m
          [33mclass[31m=[32m"bg-surface-raised border border-border 
rounded-lg p-6"[31m
        [36m>[31m
          [36m<p[31m
            [33mclass[31m=[32m"text-text-secondary text-center mb-6"[31m
          [36m>[31m
            [0mThis invitation has expired or is no longer valid.[0m
          [36m</p>[31m
        [36m</div>[31m
      [36m</div>[31m
    [36m</div>[31m
  [36m</div>[31m
[36m</body>[31m

Ignored nodes: comments, script, style
[36m<html>[31m
  [36m<head />[31m
  [36m<body>[31m
    [36m<div>[31m
      [36m<div[31m
        [33mclass[31m=[32m"flex items-center justify-center min-h-screen 
bg-bg"[31m
      [36m>[31m
        [36m<div[31m
          [33mclass[31m=[32m"w-full max-w-md mx-4"[31m
        [36m>[31m
          [36m<h1[31m
            [33mclass[31m=[32m"text-2xl font-semibold text-text-primary 
text-center mb-6"[31m
          [36m>[31m
            [0mInvitation Expired[0m
          [36m</h1>[31m
          [36m<div[31m
            [33mclass[31m=[32m"bg-surface-raised border border-border 
rounded-lg p-6"[31m
          [36m>[31m
            [36m<p[31m
              [33mclass[31m=[32m"text-text-secondary text-center mb-6"[31m
            [36m>[31m
              [0mThis invitation has expired or is no longer valid.[0m
            [36m</p>[31m
          [36m</div>[31m
        [36m</div>[31m
      [36m</div>[31m
    [36m</div>[31m
  [36m</body>[31m
[36m</html>[31m[39m
[90m [2mΓ¥»[22m Proxy.waitForWrapper 
node_modules/@testing-library/dom/dist/wait-for.js:[2m163:27[22m[39m
[36m [2mΓ¥»[22m src/pages/JoinHousehold.test.tsx:[2m105:11[22m[39m
    [90m103|[39m     )[33m;[39m
    [90m104|[39m
    [90m105|[39m     [35mawait[39m [34mwaitFor[39m(() [33m=>[39m {
    [90m   |[39m           [31m^[39m
    [90m106|[39m       expect(screen.getByText(/expired|no longer 
valid/i)).toBeTruthy(ΓÇª
    [90m107|[39m     })[33m;[39m

[31m[2mΓÄ»ΓÄ»ΓÄ»ΓÄ»ΓÄ»ΓÄ»ΓÄ»ΓÄ»ΓÄ»ΓÄ»ΓÄ»ΓÄ»ΓÄ»ΓÄ»ΓÄ»ΓÄ»ΓÄ»ΓÄ»ΓÄ»ΓÄ»ΓÄ»ΓÄ»ΓÄ»Γ
Ä»[2/2]ΓÄ»[22m[39m


[2m Test Files [22m [1m[31m1 failed[39m[22m[90m (1)[39m
[2m      Tests [22m [1m[31m2 failed[39m[22m[2m | [22m[1m[32m4 passed[39m[22m[90m (6)[39m
[2m   Start at [22m 15:37:43
[2m   Duration [22m 2.83s[2m (transform 39ms, setup 58ms, import 103ms, tests 2.13s, environment 445ms)[22m

